// Jest Snapshot v1, https://goo.gl/fbAQLP

exports[`HomePage Container Snap Test render() renders the component 1`] = `
<div
  className="home-page safe-area"
>
  <div
    className="home-content"
  >
    <h1>
      Memoization Playground
    </h1>
    <p>
      Counter: 
      0
    </p>
    <button
      onClick={[Function]}
      type="button"
    >
      Render Application
    </button>
    <button
      onClick={[Function]}
      type="button"
    >
      Change Color Parents
    </button>
    <button
      onClick={[Function]}
      type="button"
    >
      SetLoading
    </button>
    <div
      className="container"
    >
      <div
        style={
          Object {
            "backgroundColor": "red",
            "height": "200px",
            "marginTop": "16px",
            "width": "100%",
          }
        }
      />
      <button
        onClick={[Function]}
        type="button"
      >
        Change Color Black
      </button>
      <button
        onClick={[Function]}
        type="button"
      >
        Set Loading Child
      </button>
    </div>
  </div>
</div>
`;
